
> gw_root@1.0.0 build C:\user\gw_root
> next build

  ??Next.js 14.2.35
  - Environments: .env.local

   Creating an optimized production build ...
node.exe : Failed to compile.
위치 C:\Program Files\nodejs\pnpm.ps1:16
 문자:5
+     & "$basedir/node$exe"  "$basedir
/node_modules/corepack/dist/pnpm. ...
+     ~~~~~~~~~~~~~~~~~~~~~~~~~~~~~~~~
~~~~~~~~~~~~~~~~~~~~~~~~~~~~~~~~~
    + CategoryInfo          : NotSpec 
   ified: (Failed to compile.:String  
  ) [], RemoteException
    + FullyQualifiedErrorId : NativeC 
   ommandError
 

./app/(app)/mypage/history/page.tsx
Module not found: Can't resolve '@/com
ponents/ui/tabs'

https://nextjs.org/docs/messages/modul
e-not-found

./app/(app)/mypage/history/page.tsx
Module not found: Can't resolve 'recha
rts'

https://nextjs.org/docs/messages/modul
e-not-found

./app/(app)/search/page.tsx
Module not found: Can't resolve '@/com
ponents/ui/tabs'

https://nextjs.org/docs/messages/modul
e-not-found

./app/(auth)/forgot-password/page.tsx
Module not found: Can't resolve '@/com
ponents/ui/label'

https://nextjs.org/docs/messages/modul
e-not-found

./app/(auth)/login/page.tsx
Module not found: Can't resolve '@/com
ponents/ui/label'

https://nextjs.org/docs/messages/modul
e-not-found


> Build failed because of webpack erro
rs
?덭LIFECYCLE??Command failed with exit code 1.
